// Jest Snapshot v1, https://goo.gl/fbAQLP

exports[`<UserSocialNetwork /> renders correctly 1`] = `"<div class=\\"card card-user-sn hidden-xs hidden-sm\\"><div class=\\"text-center follower-following-pills\\"><div class=\\"btn-group btn-group-justified\\" role=\\"group\\"><button type=\\"button\\" class=\\"pill secondary \\">Followers (0)</button><button type=\\"button\\" class=\\"pill secondary active\\">Following (0)</button></div></div><hr><div class=\\"follower-following-empty text-center text-muted\\">bob isn't following anyone.</div></div><div class=\\"card card-user-sn hidden-xs hidden-sm\\"><h3 class=\\"text-center\\" style=\\"margin-top: 10px;\\">Similar Users</h3><hr><div class=\\"similar-users-empty text-center text-muted\\">Users with similar music tastes to bob will appear here.</div></div>"`;
