// Jest Snapshot v1, https://goo.gl/fbAQLP

exports[`ListenCountCard renders correctly 1`] = `
<ListenCountCard
  listenCount={100}
>
  <ForwardRef
    id="listen-count-card"
  >
    <div
      className="card "
      id="listen-count-card"
    >
      <h4>
        You have listened to
        <hr />
      </h4>
      <div>
        <h4>
          100
        </h4>
        <small
          className="text-muted"
        >
          songs so far
        </small>
      </div>
    </div>
  </ForwardRef>
</ListenCountCard>
`;
