// Jest Snapshot v1, https://goo.gl/fbAQLP

exports[`PinnedRecordingCard renders correctly 1`] = `
<PinnedRecordingCard
  isCurrentUser={true}
  pinnedRecording={
    Object {
      "blurb_content": "I LOVE",
      "created": 1111111111,
      "pinned_until": 9999999999,
      "recording_mbid": "98255a8c-017a-4bc7-8dd6-1fa36124572b",
      "row_id": 1,
      "track_metadata": Object {
        "artist_name": "Rick Astley",
        "track_name": "Never Gonna Give You Up",
      },
    }
  }
  removePinFromPinsList={[Function]}
>
  <ListenCard
    additionalContent={
      <div
        className="blurb-content"
        title="I LOVE"
      >
        "
        I LOVE
        "
      </div>
    }
    additionalMenuItems={
      Array [
        <ListenControl
          action={[Function]}
          text="Unpin"
          title="Unpin"
        />,
        <ListenControl
          action={[Function]}
          text="Delete Pin"
          title="Delete Pin"
        />,
      ]
    }
    className="pinned-recording-card currently-pinned"
    customThumbnail={
      <div
        className="pinned-recording-icon"
      >
        <span
          className="icon"
        >
          <FontAwesomeIcon
            beat={false}
            beatFade={false}
            border={false}
            bounce={false}
            className=""
            fade={false}
            fixedWidth={false}
            flip={false}
            icon={
              Object {
                "icon": Array [
                  384,
                  512,
                  Array [
                    128204,
                    128392,
                    "thumb-tack",
                  ],
                  "f08d",
                  "M32 32C32 14.3 46.3 0 64 0H320c17.7 0 32 14.3 32 32s-14.3 32-32 32H290.5l11.4 148.2c36.7 19.9 65.7 53.2 79.5 94.7l1 3c3.3 9.8 1.6 20.5-4.4 28.8s-15.7 13.3-26 13.3H32c-10.3 0-19.9-4.9-26-13.3s-7.7-19.1-4.4-28.8l1-3c13.8-41.5 42.8-74.8 79.5-94.7L93.5 64H64C46.3 64 32 49.7 32 32zM160 384h64v96c0 17.7-14.3 32-32 32s-32-14.3-32-32V384z",
                ],
                "iconName": "thumbtack",
                "prefix": "fas",
              }
            }
            inverse={false}
            listItem={false}
            mask={null}
            maskId={null}
            pull={null}
            pulse={false}
            rotation={null}
            shake={false}
            size={null}
            spin={false}
            spinPulse={false}
            spinReverse={false}
            swapOpacity={false}
            symbol={false}
            title=""
            titleId={null}
            transform={null}
          />
        </span>
        <span
          className="small"
        >
          Pinned
        </span>
      </div>
    }
    listen={
      Object {
        "listened_at": 1111111111,
        "track_metadata": Object {
          "artist_name": "Rick Astley",
          "track_name": "Never Gonna Give You Up",
        },
      }
    }
    showTimestamp={true}
    showUsername={false}
  >
    <ForwardRef
      className="listen-card  has-additional-content pinned-recording-card currently-pinned"
      onDoubleClick={[Function]}
    >
      <div
        className="card listen-card  has-additional-content pinned-recording-card currently-pinned"
        onDoubleClick={[Function]}
      >
        <div
          className="main-content"
        >
          <div
            className="pinned-recording-icon"
          >
            <span
              className="icon"
            >
              <FontAwesomeIcon
                beat={false}
                beatFade={false}
                border={false}
                bounce={false}
                className=""
                fade={false}
                fixedWidth={false}
                flip={false}
                icon={
                  Object {
                    "icon": Array [
                      384,
                      512,
                      Array [
                        128204,
                        128392,
                        "thumb-tack",
                      ],
                      "f08d",
                      "M32 32C32 14.3 46.3 0 64 0H320c17.7 0 32 14.3 32 32s-14.3 32-32 32H290.5l11.4 148.2c36.7 19.9 65.7 53.2 79.5 94.7l1 3c3.3 9.8 1.6 20.5-4.4 28.8s-15.7 13.3-26 13.3H32c-10.3 0-19.9-4.9-26-13.3s-7.7-19.1-4.4-28.8l1-3c13.8-41.5 42.8-74.8 79.5-94.7L93.5 64H64C46.3 64 32 49.7 32 32zM160 384h64v96c0 17.7-14.3 32-32 32s-32-14.3-32-32V384z",
                    ],
                    "iconName": "thumbtack",
                    "prefix": "fas",
                  }
                }
                inverse={false}
                listItem={false}
                mask={null}
                maskId={null}
                pull={null}
                pulse={false}
                rotation={null}
                shake={false}
                size={null}
                spin={false}
                spinPulse={false}
                spinReverse={false}
                swapOpacity={false}
                symbol={false}
                title=""
                titleId={null}
                transform={null}
              >
                <svg
                  aria-hidden="true"
                  className="svg-inline--fa fa-thumbtack "
                  data-icon="thumbtack"
                  data-prefix="fas"
                  focusable="false"
                  role="img"
                  style={Object {}}
                  viewBox="0 0 384 512"
                  xmlns="http://www.w3.org/2000/svg"
                >
                  <path
                    d="M32 32C32 14.3 46.3 0 64 0H320c17.7 0 32 14.3 32 32s-14.3 32-32 32H290.5l11.4 148.2c36.7 19.9 65.7 53.2 79.5 94.7l1 3c3.3 9.8 1.6 20.5-4.4 28.8s-15.7 13.3-26 13.3H32c-10.3 0-19.9-4.9-26-13.3s-7.7-19.1-4.4-28.8l1-3c13.8-41.5 42.8-74.8 79.5-94.7L93.5 64H64C46.3 64 32 49.7 32 32zM160 384h64v96c0 17.7-14.3 32-32 32s-32-14.3-32-32V384z"
                    fill="currentColor"
                    style={Object {}}
                  />
                </svg>
              </FontAwesomeIcon>
            </span>
            <span
              className="small"
            >
              Pinned
            </span>
          </div>
          <div
            className="listen-details"
          >
            <div
              className="title-duration"
            >
              <div
                className="ellipsis-2-lines"
                title="Never Gonna Give You Up"
              >
                Never Gonna Give You Up
              </div>
            </div>
            <div
              className="small text-muted ellipsis"
              title="Rick Astley"
            >
              Rick Astley
            </div>
          </div>
          <div
            className="right-section"
          >
            <div
              className="username-and-timestamp"
            >
              <span
                className="listen-time"
                title="Friday, March 18, 2005 at 1:58:31 AM GMT"
              >
                Mar 18, 2005, 1:58 AM
              </span>
            </div>
            <div
              className="listen-controls"
            >
              <FontAwesomeIcon
                aria-expanded="true"
                aria-haspopup="true"
                beat={false}
                beatFade={false}
                border={false}
                bounce={false}
                className="dropdown-toggle"
                data-toggle="dropdown"
                fade={false}
                fixedWidth={false}
                flip={false}
                icon={
                  Object {
                    "icon": Array [
                      128,
                      512,
                      Array [
                        "ellipsis-v",
                      ],
                      "f142",
                      "M64 360a56 56 0 1 0 0 112 56 56 0 1 0 0-112zm0-160a56 56 0 1 0 0 112 56 56 0 1 0 0-112zM120 96A56 56 0 1 0 8 96a56 56 0 1 0 112 0z",
                    ],
                    "iconName": "ellipsis-vertical",
                    "prefix": "fas",
                  }
                }
                id="listenControlsDropdown"
                inverse={false}
                listItem={false}
                mask={null}
                maskId={null}
                pull={null}
                pulse={false}
                rotation={null}
                shake={false}
                size={null}
                spin={false}
                spinPulse={false}
                spinReverse={false}
                swapOpacity={false}
                symbol={false}
                title="More actions"
                titleId={null}
                transform={null}
              >
                <svg
                  aria-expanded="true"
                  aria-haspopup="true"
                  aria-labelledby="svg-inline--fa-title-000000000000"
                  className="svg-inline--fa fa-ellipsis-vertical dropdown-toggle"
                  data-icon="ellipsis-vertical"
                  data-prefix="fas"
                  data-toggle="dropdown"
                  id="listenControlsDropdown"
                  role="img"
                  style={Object {}}
                  viewBox="0 0 128 512"
                  xmlns="http://www.w3.org/2000/svg"
                >
                  <title
                    id="svg-inline--fa-title-000000000000"
                    style={Object {}}
                  >
                    More actions
                  </title>
                  <path
                    d="M64 360a56 56 0 1 0 0 112 56 56 0 1 0 0-112zm0-160a56 56 0 1 0 0 112 56 56 0 1 0 0-112zM120 96A56 56 0 1 0 8 96a56 56 0 1 0 112 0z"
                    fill="currentColor"
                    style={Object {}}
                  />
                </svg>
              </FontAwesomeIcon>
              <ul
                aria-labelledby="listenControlsDropdown"
                className="dropdown-menu dropdown-menu-right"
              >
                <ListenControl
                  action={[Function]}
                  text="Unpin"
                  title="Unpin"
                >
                  <button
                    aria-label="Unpin"
                    disabled={false}
                    onClick={[Function]}
                    role="menuitem"
                    title="Unpin"
                    type="button"
                  >
                     
                    Unpin
                  </button>
                </ListenControl>
                <ListenControl
                  action={[Function]}
                  text="Delete Pin"
                  title="Delete Pin"
                >
                  <button
                    aria-label="Delete Pin"
                    disabled={false}
                    onClick={[Function]}
                    role="menuitem"
                    title="Delete Pin"
                    type="button"
                  >
                     
                    Delete Pin
                  </button>
                </ListenControl>
                <ListenControl
                  action={[Function]}
                  dataTarget="#ListenPayloadModal"
                  dataToggle="modal"
                  icon={
                    Object {
                      "icon": Array [
                        640,
                        512,
                        Array [],
                        "f121",
                        "M392.8 1.2c-17-4.9-34.7 5-39.6 22l-128 448c-4.9 17 5 34.7 22 39.6s34.7-5 39.6-22l128-448c4.9-17-5-34.7-22-39.6zm80.6 120.1c-12.5 12.5-12.5 32.8 0 45.3L562.7 256l-89.4 89.4c-12.5 12.5-12.5 32.8 0 45.3s32.8 12.5 45.3 0l112-112c12.5-12.5 12.5-32.8 0-45.3l-112-112c-12.5-12.5-32.8-12.5-45.3 0zm-306.7 0c-12.5-12.5-32.8-12.5-45.3 0l-112 112c-12.5 12.5-12.5 32.8 0 45.3l112 112c12.5 12.5 32.8 12.5 45.3 0s12.5-32.8 0-45.3L77.3 256l89.4-89.4c12.5-12.5 12.5-32.8 0-45.3z",
                      ],
                      "iconName": "code",
                      "prefix": "fas",
                    }
                  }
                  text="Inspect listen"
                >
                  <button
                    aria-label="Inspect listen"
                    data-target="#ListenPayloadModal"
                    data-toggle="modal"
                    disabled={false}
                    onClick={[Function]}
                    role="menuitem"
                    title="Inspect listen"
                    type="button"
                  >
                    <FontAwesomeIcon
                      beat={false}
                      beatFade={false}
                      border={false}
                      bounce={false}
                      className=""
                      fade={false}
                      fixedWidth={false}
                      flip={false}
                      icon={
                        Object {
                          "icon": Array [
                            640,
                            512,
                            Array [],
                            "f121",
                            "M392.8 1.2c-17-4.9-34.7 5-39.6 22l-128 448c-4.9 17 5 34.7 22 39.6s34.7-5 39.6-22l128-448c4.9-17-5-34.7-22-39.6zm80.6 120.1c-12.5 12.5-12.5 32.8 0 45.3L562.7 256l-89.4 89.4c-12.5 12.5-12.5 32.8 0 45.3s32.8 12.5 45.3 0l112-112c12.5-12.5 12.5-32.8 0-45.3l-112-112c-12.5-12.5-32.8-12.5-45.3 0zm-306.7 0c-12.5-12.5-32.8-12.5-45.3 0l-112 112c-12.5 12.5-12.5 32.8 0 45.3l112 112c12.5 12.5 32.8 12.5 45.3 0s12.5-32.8 0-45.3L77.3 256l89.4-89.4c12.5-12.5 12.5-32.8 0-45.3z",
                          ],
                          "iconName": "code",
                          "prefix": "fas",
                        }
                      }
                      inverse={false}
                      listItem={false}
                      mask={null}
                      maskId={null}
                      pull={null}
                      pulse={false}
                      rotation={null}
                      shake={false}
                      size={null}
                      spin={false}
                      spinPulse={false}
                      spinReverse={false}
                      swapOpacity={false}
                      symbol={false}
                      title=""
                      titleId={null}
                      transform={null}
                    >
                      <svg
                        aria-hidden="true"
                        className="svg-inline--fa fa-code "
                        data-icon="code"
                        data-prefix="fas"
                        focusable="false"
                        role="img"
                        style={Object {}}
                        viewBox="0 0 640 512"
                        xmlns="http://www.w3.org/2000/svg"
                      >
                        <path
                          d="M392.8 1.2c-17-4.9-34.7 5-39.6 22l-128 448c-4.9 17 5 34.7 22 39.6s34.7-5 39.6-22l128-448c4.9-17-5-34.7-22-39.6zm80.6 120.1c-12.5 12.5-12.5 32.8 0 45.3L562.7 256l-89.4 89.4c-12.5 12.5-12.5 32.8 0 45.3s32.8 12.5 45.3 0l112-112c12.5-12.5 12.5-32.8 0-45.3l-112-112c-12.5-12.5-32.8-12.5-45.3 0zm-306.7 0c-12.5-12.5-32.8-12.5-45.3 0l-112 112c-12.5 12.5-12.5 32.8 0 45.3l112 112c12.5 12.5 32.8 12.5 45.3 0s12.5-32.8 0-45.3L77.3 256l89.4-89.4c12.5-12.5 12.5-32.8 0-45.3z"
                          fill="currentColor"
                          style={Object {}}
                        />
                      </svg>
                    </FontAwesomeIcon>
                     
                    Inspect listen
                  </button>
                </ListenControl>
              </ul>
              <button
                className="btn-transparent play-button"
                onClick={[Function]}
                title="Play"
                type="button"
              >
                <FontAwesomeIcon
                  beat={false}
                  beatFade={false}
                  border={false}
                  bounce={false}
                  className=""
                  fade={false}
                  fixedWidth={false}
                  flip={false}
                  icon={
                    Object {
                      "icon": Array [
                        512,
                        512,
                        Array [
                          61469,
                          "play-circle",
                        ],
                        "f144",
                        "M464 256A208 208 0 1 0 48 256a208 208 0 1 0 416 0zM0 256a256 256 0 1 1 512 0A256 256 0 1 1 0 256zM188.3 147.1c7.6-4.2 16.8-4.1 24.3 .5l144 88c7.1 4.4 11.5 12.1 11.5 20.5s-4.4 16.1-11.5 20.5l-144 88c-7.4 4.5-16.7 4.7-24.3 .5s-12.3-12.2-12.3-20.9V168c0-8.7 4.7-16.7 12.3-20.9z",
                      ],
                      "iconName": "circle-play",
                      "prefix": "far",
                    }
                  }
                  inverse={false}
                  listItem={false}
                  mask={null}
                  maskId={null}
                  pull={null}
                  pulse={false}
                  rotation={null}
                  shake={false}
                  size="2x"
                  spin={false}
                  spinPulse={false}
                  spinReverse={false}
                  swapOpacity={false}
                  symbol={false}
                  title=""
                  titleId={null}
                  transform={null}
                >
                  <svg
                    aria-hidden="true"
                    className="svg-inline--fa fa-circle-play fa-2x "
                    data-icon="circle-play"
                    data-prefix="far"
                    focusable="false"
                    role="img"
                    style={Object {}}
                    viewBox="0 0 512 512"
                    xmlns="http://www.w3.org/2000/svg"
                  >
                    <path
                      d="M464 256A208 208 0 1 0 48 256a208 208 0 1 0 416 0zM0 256a256 256 0 1 1 512 0A256 256 0 1 1 0 256zM188.3 147.1c7.6-4.2 16.8-4.1 24.3 .5l144 88c7.1 4.4 11.5 12.1 11.5 20.5s-4.4 16.1-11.5 20.5l-144 88c-7.4 4.5-16.7 4.7-24.3 .5s-12.3-12.2-12.3-20.9V168c0-8.7 4.7-16.7 12.3-20.9z"
                      fill="currentColor"
                      style={Object {}}
                    />
                  </svg>
                </FontAwesomeIcon>
              </button>
            </div>
          </div>
        </div>
        <div
          className="additional-content"
          title="Never Gonna Give You Up"
        >
          <div
            className="blurb-content"
            title="I LOVE"
          >
            "
            I LOVE
            "
          </div>
        </div>
      </div>
    </ForwardRef>
  </ListenCard>
</PinnedRecordingCard>
`;
