// Jest Snapshot v1, https://goo.gl/fbAQLP

exports[`FreshReleases renders filters, card grid, and timeline components on the page 1`] = `
<FreshReleases
  newAlert={[Function]}
  profileUrl="/user/chinmaykunkikar/"
  spotify={
    Object {
      "access_token": "access-token",
      "permission": Array [
        "streaming",
        "user-read-email",
        "user-read-private",
      ],
    }
  }
  user={
    Object {
      "id": 1,
      "name": "chinmaykunkikar",
    }
  }
  youtube={
    Object {
      "api_key": "fake-api-key",
    }
  }
>
  <h2
    id="fr-heading"
  >
    Fresh Releases
  </h2>
  <h3
    id="fr-subheading"
  >
    Discover new music from artists you listen to
  </h3>
  <div
    id="fr-pill-row"
  >
    <Pill
      active={true}
      onClick={[Function]}
    >
      <button
        onClick={[Function]}
        style={
          Object {
            "background": "#eb743b",
            "border": "2px solid #eb743b",
            "borderRadius": "24px",
            "boxSizing": "border-box",
            "color": "#fff",
            "fontWeight": 700,
            "margin": "2px 6px 12px 6px",
            "outline": "none",
            "padding": "3px 12px",
          }
        }
        type="button"
      >
        All Releases
      </button>
    </Pill>
    <Pill
      active={false}
      onClick={[Function]}
    >
      <button
        onClick={[Function]}
        style={
          Object {
            "background": "transparent",
            "border": "2px solid #8d8d8d",
            "borderRadius": "24px",
            "boxSizing": "border-box",
            "color": "#8d8d8d",
            "margin": "2px 6px 12px 6px",
            "outline": "none",
            "padding": "3px 12px",
          }
        }
        type="button"
      >
        Releases For You
      </button>
    </Pill>
  </div>
  <div
    className="releases-page row"
  >
    <div
      className="filters-main col-xs-12 col-md-1"
    >
      <ReleaseFilters
        allFilters={Array []}
        releases={Array []}
        setFilteredList={[Function]}
      >
        <div
          id="filters-container"
        >
          <div
            id="coverart-checkbox"
          >
            <Pill
              active={false}
              onClick={[Function]}
              style={
                Object {
                  "margin": "6px",
                  "padding": "4px 12px",
                }
              }
              type="secondary"
            >
              <button
                onClick={[Function]}
                style={
                  Object {
                    "background": "transparent",
                    "border": "2px solid #8d8d8d",
                    "borderRadius": "24px",
                    "boxSizing": "border-box",
                    "color": "#8d8d8d",
                    "margin": "6px",
                    "outline": "none",
                    "padding": "4px 12px",
                  }
                }
                type="button"
              >
                Hide releases without coverart
              </button>
            </Pill>
          </div>
          <div
            id="release-filters"
          >
            <div
              id="title-container"
            >
              <div
                className="text-muted"
                id="type-title"
              >
                Filters
              </div>
              <div
                aria-hidden="true"
                className="text-muted"
                id="clearall-btn-inactive"
                onClick={[Function]}
                role="button"
              >
                ×
              </div>
            </div>
            <div
              id="filters-list"
            />
          </div>
        </div>
      </ReleaseFilters>
    </div>
    <div
      className="col-xs-12 col-md-10"
      id="release-cards-grid"
    />
    <div
      className="releases-timeline col-xs-12 col-md-1"
    />
  </div>
</FreshReleases>
`;
