// Jest Snapshot v1, https://goo.gl/fbAQLP

exports[`UserReports renders without crashing 1`] = `
<div>
  <div
    className="row mt-15"
  >
    <div
      className="col-xs-12"
    >
      <Pill
        active={true}
        onClick={[Function]}
        type="secondary"
      >
        Week
      </Pill>
      <Pill
        active={false}
        onClick={[Function]}
        type="secondary"
      >
        Month
      </Pill>
      <Pill
        active={false}
        onClick={[Function]}
        type="secondary"
      >
        Year
      </Pill>
      <Pill
        active={false}
        onClick={[Function]}
        type="secondary"
      >
        All Time
      </Pill>
    </div>
  </div>
  <ErrorBoundary>
    <UserListeningActivity
      apiUrl="foobar"
      range="week"
      user={
        Object {
          "name": "test_user",
        }
      }
    />
  </ErrorBoundary>
  <div
    className="row"
  >
    <div
      className="col-md-4"
    >
      <ErrorBoundary>
        <UserTopEntity
          apiUrl="foobar"
          entity="artist"
          range="week"
          user={
            Object {
              "name": "test_user",
            }
          }
        />
      </ErrorBoundary>
    </div>
    <div
      className="col-md-4"
    >
      <ErrorBoundary>
        <UserTopEntity
          apiUrl="foobar"
          entity="release"
          range="week"
          user={
            Object {
              "name": "test_user",
            }
          }
        />
      </ErrorBoundary>
    </div>
    <div
      className="col-md-4"
    >
      <ErrorBoundary>
        <UserTopEntity
          apiUrl="foobar"
          entity="recording"
          range="week"
          user={
            Object {
              "name": "test_user",
            }
          }
        />
      </ErrorBoundary>
    </div>
  </div>
  <ErrorBoundary>
    <UserDailyActivity
      apiUrl="foobar"
      range="week"
      user={
        Object {
          "name": "test_user",
        }
      }
    />
  </ErrorBoundary>
</div>
`;
