// Jest Snapshot v1, https://goo.gl/fbAQLP

exports[`RecommendationCard renders correctly if CurrentUser.authtoken is not set 1`] = `
<RecommendationCard
  apiUrl="foobar"
  currentFeedback="love"
  currentUser={
    Object {
      "auth_token": undefined,
      "name": "test",
    }
  }
  isCurrentUser={true}
  newAlert={[Function]}
  playRecommendation={[Function]}
  recommendation={
    Object {
      "listened_at": 0,
      "track_metadata": Object {
        "additional_info": Object {
          "artist_mbids": Array [
            "xxxx",
          ],
          "recording_mbid": "yyyy",
        },
        "artist_name": "Kishore Kumar",
        "track_name": "Ek chatur naar",
      },
    }
  }
  updateFeedback={[Function]}
>
  <ForwardRef
    className="recommendation-card row undefined"
    onDoubleClick={[Function]}
  >
    <div
      className="recommendation-card row undefined"
      onDoubleClick={[Function]}
      style={
        Object {
          "background": "#FFFFFF",
          "border": "1px solid #EEEEEE",
          "borderRadius": "8px",
          "boxShadow": "0 1px 1px rgba(192,192,192,0.1), 0 2px 2px rgba(192,192,192,0.15), 0 4px 4px rgba(192,192,192,0.20)",
          "boxSizing": "border-box",
          "height": "100%",
        }
      }
    >
      <div
        className="track-details"
      >
        <div
          title="Ek chatur naar"
        >
          <a
            href="https://musicbrainz.org/recording/yyyy"
            rel="noopener noreferrer"
            target="_blank"
          >
            Ek chatur naar
          </a>
        </div>
        <small
          className="text-muted"
          title="Kishore Kumar"
        >
          <a
            href="http://musicbrainz.org/artist/xxxx"
            rel="noopener noreferrer"
            target="_blank"
          >
            Kishore Kumar
          </a>
        </small>
      </div>
    </div>
  </ForwardRef>
</RecommendationCard>
`;

exports[`RecommendationCard renders correctly if isCurrentUser is False 1`] = `
<RecommendationCard
  apiUrl="foobar"
  currentFeedback="love"
  currentUser={
    Object {
      "auth_token": "lalala",
      "name": "test",
    }
  }
  isCurrentUser={false}
  newAlert={[Function]}
  playRecommendation={[Function]}
  recommendation={
    Object {
      "listened_at": 0,
      "track_metadata": Object {
        "additional_info": Object {
          "artist_mbids": Array [
            "xxxx",
          ],
          "recording_mbid": "yyyy",
        },
        "artist_name": "Kishore Kumar",
        "track_name": "Ek chatur naar",
      },
    }
  }
  updateFeedback={[Function]}
>
  <ForwardRef
    className="recommendation-card row undefined"
    onDoubleClick={[Function]}
  >
    <div
      className="recommendation-card row undefined"
      onDoubleClick={[Function]}
      style={
        Object {
          "background": "#FFFFFF",
          "border": "1px solid #EEEEEE",
          "borderRadius": "8px",
          "boxShadow": "0 1px 1px rgba(192,192,192,0.1), 0 2px 2px rgba(192,192,192,0.15), 0 4px 4px rgba(192,192,192,0.20)",
          "boxSizing": "border-box",
          "height": "100%",
        }
      }
    >
      <div
        className="track-details"
      >
        <div
          title="Ek chatur naar"
        >
          <a
            href="https://musicbrainz.org/recording/yyyy"
            rel="noopener noreferrer"
            target="_blank"
          >
            Ek chatur naar
          </a>
        </div>
        <small
          className="text-muted"
          title="Kishore Kumar"
        >
          <a
            href="http://musicbrainz.org/artist/xxxx"
            rel="noopener noreferrer"
            target="_blank"
          >
            Kishore Kumar
          </a>
        </small>
      </div>
    </div>
  </ForwardRef>
</RecommendationCard>
`;

exports[`RecommendationCard renders correctly if isCurrentUser is true and CurrentUser.authtoken is set 1`] = `
<RecommendationCard
  apiUrl="foobar"
  currentFeedback="love"
  currentUser={
    Object {
      "auth_token": "lalala",
      "name": "test",
    }
  }
  isCurrentUser={true}
  newAlert={[Function]}
  playRecommendation={[Function]}
  recommendation={
    Object {
      "listened_at": 0,
      "track_metadata": Object {
        "additional_info": Object {
          "artist_mbids": Array [
            "xxxx",
          ],
          "recording_mbid": "yyyy",
        },
        "artist_name": "Kishore Kumar",
        "track_name": "Ek chatur naar",
      },
    }
  }
  updateFeedback={[Function]}
>
  <ForwardRef
    className="recommendation-card row undefined"
    onDoubleClick={[Function]}
  >
    <div
      className="recommendation-card row undefined"
      onDoubleClick={[Function]}
      style={
        Object {
          "background": "#FFFFFF",
          "border": "1px solid #EEEEEE",
          "borderRadius": "8px",
          "boxShadow": "0 1px 1px rgba(192,192,192,0.1), 0 2px 2px rgba(192,192,192,0.15), 0 4px 4px rgba(192,192,192,0.20)",
          "boxSizing": "border-box",
          "height": "100%",
        }
      }
    >
      <div
        className="track-details"
      >
        <div
          title="Ek chatur naar"
        >
          <a
            href="https://musicbrainz.org/recording/yyyy"
            rel="noopener noreferrer"
            target="_blank"
          >
            Ek chatur naar
          </a>
        </div>
        <small
          className="text-muted"
          title="Kishore Kumar"
        >
          <a
            href="http://musicbrainz.org/artist/xxxx"
            rel="noopener noreferrer"
            target="_blank"
          >
            Kishore Kumar
          </a>
        </small>
      </div>
      <div
        className="recommendation-controls"
      >
        <button
          aria-expanded="true"
          aria-haspopup="true"
          className="btn love"
          data-toggle="dropdown"
          id="recommendationControlsDropdown"
          type="button"
        >
          <FontAwesomeIcon
            border={false}
            className=""
            fixedWidth={false}
            flip={null}
            icon={
              Object {
                "icon": Array [
                  496,
                  512,
                  Array [],
                  "f587",
                  "M248 8C111 8 0 119 0 256s111 248 248 248 248-111 248-248S385 8 248 8zM94.6 168.9l34.9-5 15.5-31.6c2.9-5.8 11-5.8 13.9 0l15.5 31.6 34.9 5c6.2 1 8.9 8.6 4.3 13.2l-25.4 24.6 6 34.9c1 6.2-5.3 11-11 7.9L152 233.3l-31.3 16.3c-5.7 3.1-12-1.7-11-7.9l6-34.9-25.4-24.6c-4.6-4.7-1.9-12.3 4.3-13.3zM248 432c-60.6 0-134.5-38.3-143.8-93.3-2-11.8 9.3-21.5 20.7-17.9C155.1 330.5 200 336 248 336s92.9-5.5 123.1-15.2c11.5-3.7 22.6 6.1 20.7 17.9-9.3 55-83.2 93.3-143.8 93.3zm157.7-249.9l-25.4 24.6 6 34.9c1 6.2-5.3 11-11 7.9L344 233.3l-31.3 16.3c-5.7 3.1-12-1.7-11-7.9l6-34.9-25.4-24.6c-4.5-4.6-1.9-12.2 4.3-13.2l34.9-5 15.5-31.6c2.9-5.8 11-5.8 13.9 0l15.5 31.6 34.9 5c6.3.9 9 8.5 4.4 13.1z",
                ],
                "iconName": "grin-stars",
                "prefix": "fas",
              }
            }
            inverse={false}
            listItem={false}
            mask={null}
            pull={null}
            pulse={false}
            rotation={null}
            size={null}
            spin={false}
            swapOpacity={false}
            symbol={false}
            title=""
            transform={null}
          >
            <svg
              aria-hidden="true"
              className="svg-inline--fa fa-grin-stars fa-w-16 "
              data-icon="grin-stars"
              data-prefix="fas"
              focusable="false"
              role="img"
              style={Object {}}
              viewBox="0 0 496 512"
              xmlns="http://www.w3.org/2000/svg"
            >
              <path
                d="M248 8C111 8 0 119 0 256s111 248 248 248 248-111 248-248S385 8 248 8zM94.6 168.9l34.9-5 15.5-31.6c2.9-5.8 11-5.8 13.9 0l15.5 31.6 34.9 5c6.2 1 8.9 8.6 4.3 13.2l-25.4 24.6 6 34.9c1 6.2-5.3 11-11 7.9L152 233.3l-31.3 16.3c-5.7 3.1-12-1.7-11-7.9l6-34.9-25.4-24.6c-4.6-4.7-1.9-12.3 4.3-13.3zM248 432c-60.6 0-134.5-38.3-143.8-93.3-2-11.8 9.3-21.5 20.7-17.9C155.1 330.5 200 336 248 336s92.9-5.5 123.1-15.2c11.5-3.7 22.6 6.1 20.7 17.9-9.3 55-83.2 93.3-143.8 93.3zm157.7-249.9l-25.4 24.6 6 34.9c1 6.2-5.3 11-11 7.9L344 233.3l-31.3 16.3c-5.7 3.1-12-1.7-11-7.9l6-34.9-25.4-24.6c-4.5-4.6-1.9-12.2 4.3-13.2l34.9-5 15.5-31.6c2.9-5.8 11-5.8 13.9 0l15.5 31.6 34.9 5c6.3.9 9 8.5 4.4 13.1z"
                fill="currentColor"
                style={Object {}}
              />
            </svg>
          </FontAwesomeIcon>
           
          Love
        </button>
        <ul
          aria-labelledby="recommendationControlsDropdown"
          className="dropdown-menu dropdown-menu-right"
        >
          <RecommendationControl
            action={[Function]}
            cssClass="hate "
            icon={
              Object {
                "icon": Array [
                  496,
                  512,
                  Array [],
                  "f556",
                  "M248 8C111 8 0 119 0 256s111 248 248 248 248-111 248-248S385 8 248 8zm0 448c-110.3 0-200-89.7-200-200S137.7 56 248 56s200 89.7 200 200-89.7 200-200 200zm0-144c-33.6 0-65.2 14.8-86.8 40.6-8.5 10.2-7.1 25.3 3.1 33.8s25.3 7.2 33.8-3c24.8-29.7 75-29.7 99.8 0 8.1 9.7 23.2 11.9 33.8 3 10.2-8.5 11.5-23.6 3.1-33.8-21.6-25.8-53.2-40.6-86.8-40.6zm-48-72c10.3 0 19.9-6.7 23-17.1 3.8-12.7-3.4-26.1-16.1-29.9l-80-24c-12.8-3.9-26.1 3.4-29.9 16.1-3.8 12.7 3.4 26.1 16.1 29.9l28.2 8.5c-3.1 4.9-5.3 10.4-5.3 16.6 0 17.7 14.3 32 32 32s32-14.4 32-32.1zm199-54.9c-3.8-12.7-17.1-19.9-29.9-16.1l-80 24c-12.7 3.8-19.9 17.2-16.1 29.9 3.1 10.4 12.7 17.1 23 17.1 0 17.7 14.3 32 32 32s32-14.3 32-32c0-6.2-2.2-11.7-5.3-16.6l28.2-8.5c12.7-3.7 19.9-17.1 16.1-29.8z",
                ],
                "iconName": "angry",
                "prefix": "far",
              }
            }
            iconHover={
              Object {
                "icon": Array [
                  496,
                  512,
                  Array [],
                  "f556",
                  "M248 8C111 8 0 119 0 256s111 248 248 248 248-111 248-248S385 8 248 8zM136 240c0-9.3 4.1-17.5 10.5-23.4l-31-9.3c-8.5-2.5-13.3-11.5-10.7-19.9 2.5-8.5 11.4-13.2 19.9-10.7l80 24c8.5 2.5 13.3 11.5 10.7 19.9-2.1 6.9-8.4 11.4-15.3 11.4-.5 0-1.1-.2-1.7-.2.7 2.7 1.7 5.3 1.7 8.2 0 17.7-14.3 32-32 32S136 257.7 136 240zm168 154.2c-27.8-33.4-84.2-33.4-112.1 0-13.5 16.3-38.2-4.2-24.6-20.5 20-24 49.4-37.8 80.6-37.8s60.6 13.8 80.6 37.8c13.8 16.5-11.1 36.6-24.5 20.5zm76.6-186.9l-31 9.3c6.3 5.8 10.5 14.1 10.5 23.4 0 17.7-14.3 32-32 32s-32-14.3-32-32c0-2.9.9-5.6 1.7-8.2-.6.1-1.1.2-1.7.2-6.9 0-13.2-4.5-15.3-11.4-2.5-8.5 2.3-17.4 10.7-19.9l80-24c8.4-2.5 17.4 2.3 19.9 10.7 2.5 8.5-2.3 17.4-10.8 19.9z",
                ],
                "iconName": "angry",
                "prefix": "fas",
              }
            }
            title="I never want to hear this again!"
          >
            <div
              className="recommendation-icon hate "
              onClick={[Function]}
              onKeyPress={[Function]}
              role="button"
              tabIndex={0}
              title="I never want to hear this again!"
            >
              <span
                className="on"
              >
                <FontAwesomeIcon
                  border={false}
                  className=""
                  fixedWidth={false}
                  flip={null}
                  icon={
                    Object {
                      "icon": Array [
                        496,
                        512,
                        Array [],
                        "f556",
                        "M248 8C111 8 0 119 0 256s111 248 248 248 248-111 248-248S385 8 248 8zM136 240c0-9.3 4.1-17.5 10.5-23.4l-31-9.3c-8.5-2.5-13.3-11.5-10.7-19.9 2.5-8.5 11.4-13.2 19.9-10.7l80 24c8.5 2.5 13.3 11.5 10.7 19.9-2.1 6.9-8.4 11.4-15.3 11.4-.5 0-1.1-.2-1.7-.2.7 2.7 1.7 5.3 1.7 8.2 0 17.7-14.3 32-32 32S136 257.7 136 240zm168 154.2c-27.8-33.4-84.2-33.4-112.1 0-13.5 16.3-38.2-4.2-24.6-20.5 20-24 49.4-37.8 80.6-37.8s60.6 13.8 80.6 37.8c13.8 16.5-11.1 36.6-24.5 20.5zm76.6-186.9l-31 9.3c6.3 5.8 10.5 14.1 10.5 23.4 0 17.7-14.3 32-32 32s-32-14.3-32-32c0-2.9.9-5.6 1.7-8.2-.6.1-1.1.2-1.7.2-6.9 0-13.2-4.5-15.3-11.4-2.5-8.5 2.3-17.4 10.7-19.9l80-24c8.4-2.5 17.4 2.3 19.9 10.7 2.5 8.5-2.3 17.4-10.8 19.9z",
                      ],
                      "iconName": "angry",
                      "prefix": "fas",
                    }
                  }
                  inverse={false}
                  listItem={false}
                  mask={null}
                  pull={null}
                  pulse={false}
                  rotation={null}
                  size={null}
                  spin={false}
                  swapOpacity={false}
                  symbol={false}
                  title=""
                  transform={null}
                >
                  <svg
                    aria-hidden="true"
                    className="svg-inline--fa fa-angry fa-w-16 "
                    data-icon="angry"
                    data-prefix="fas"
                    focusable="false"
                    role="img"
                    style={Object {}}
                    viewBox="0 0 496 512"
                    xmlns="http://www.w3.org/2000/svg"
                  >
                    <path
                      d="M248 8C111 8 0 119 0 256s111 248 248 248 248-111 248-248S385 8 248 8zM136 240c0-9.3 4.1-17.5 10.5-23.4l-31-9.3c-8.5-2.5-13.3-11.5-10.7-19.9 2.5-8.5 11.4-13.2 19.9-10.7l80 24c8.5 2.5 13.3 11.5 10.7 19.9-2.1 6.9-8.4 11.4-15.3 11.4-.5 0-1.1-.2-1.7-.2.7 2.7 1.7 5.3 1.7 8.2 0 17.7-14.3 32-32 32S136 257.7 136 240zm168 154.2c-27.8-33.4-84.2-33.4-112.1 0-13.5 16.3-38.2-4.2-24.6-20.5 20-24 49.4-37.8 80.6-37.8s60.6 13.8 80.6 37.8c13.8 16.5-11.1 36.6-24.5 20.5zm76.6-186.9l-31 9.3c6.3 5.8 10.5 14.1 10.5 23.4 0 17.7-14.3 32-32 32s-32-14.3-32-32c0-2.9.9-5.6 1.7-8.2-.6.1-1.1.2-1.7.2-6.9 0-13.2-4.5-15.3-11.4-2.5-8.5 2.3-17.4 10.7-19.9l80-24c8.4-2.5 17.4 2.3 19.9 10.7 2.5 8.5-2.3 17.4-10.8 19.9z"
                      fill="currentColor"
                      style={Object {}}
                    />
                  </svg>
                </FontAwesomeIcon>
              </span>
              <span
                className="off"
              >
                <FontAwesomeIcon
                  border={false}
                  className=""
                  fixedWidth={false}
                  flip={null}
                  icon={
                    Object {
                      "icon": Array [
                        496,
                        512,
                        Array [],
                        "f556",
                        "M248 8C111 8 0 119 0 256s111 248 248 248 248-111 248-248S385 8 248 8zm0 448c-110.3 0-200-89.7-200-200S137.7 56 248 56s200 89.7 200 200-89.7 200-200 200zm0-144c-33.6 0-65.2 14.8-86.8 40.6-8.5 10.2-7.1 25.3 3.1 33.8s25.3 7.2 33.8-3c24.8-29.7 75-29.7 99.8 0 8.1 9.7 23.2 11.9 33.8 3 10.2-8.5 11.5-23.6 3.1-33.8-21.6-25.8-53.2-40.6-86.8-40.6zm-48-72c10.3 0 19.9-6.7 23-17.1 3.8-12.7-3.4-26.1-16.1-29.9l-80-24c-12.8-3.9-26.1 3.4-29.9 16.1-3.8 12.7 3.4 26.1 16.1 29.9l28.2 8.5c-3.1 4.9-5.3 10.4-5.3 16.6 0 17.7 14.3 32 32 32s32-14.4 32-32.1zm199-54.9c-3.8-12.7-17.1-19.9-29.9-16.1l-80 24c-12.7 3.8-19.9 17.2-16.1 29.9 3.1 10.4 12.7 17.1 23 17.1 0 17.7 14.3 32 32 32s32-14.3 32-32c0-6.2-2.2-11.7-5.3-16.6l28.2-8.5c12.7-3.7 19.9-17.1 16.1-29.8z",
                      ],
                      "iconName": "angry",
                      "prefix": "far",
                    }
                  }
                  inverse={false}
                  listItem={false}
                  mask={null}
                  pull={null}
                  pulse={false}
                  rotation={null}
                  size={null}
                  spin={false}
                  swapOpacity={false}
                  symbol={false}
                  title=""
                  transform={null}
                >
                  <svg
                    aria-hidden="true"
                    className="svg-inline--fa fa-angry fa-w-16 "
                    data-icon="angry"
                    data-prefix="far"
                    focusable="false"
                    role="img"
                    style={Object {}}
                    viewBox="0 0 496 512"
                    xmlns="http://www.w3.org/2000/svg"
                  >
                    <path
                      d="M248 8C111 8 0 119 0 256s111 248 248 248 248-111 248-248S385 8 248 8zm0 448c-110.3 0-200-89.7-200-200S137.7 56 248 56s200 89.7 200 200-89.7 200-200 200zm0-144c-33.6 0-65.2 14.8-86.8 40.6-8.5 10.2-7.1 25.3 3.1 33.8s25.3 7.2 33.8-3c24.8-29.7 75-29.7 99.8 0 8.1 9.7 23.2 11.9 33.8 3 10.2-8.5 11.5-23.6 3.1-33.8-21.6-25.8-53.2-40.6-86.8-40.6zm-48-72c10.3 0 19.9-6.7 23-17.1 3.8-12.7-3.4-26.1-16.1-29.9l-80-24c-12.8-3.9-26.1 3.4-29.9 16.1-3.8 12.7 3.4 26.1 16.1 29.9l28.2 8.5c-3.1 4.9-5.3 10.4-5.3 16.6 0 17.7 14.3 32 32 32s32-14.4 32-32.1zm199-54.9c-3.8-12.7-17.1-19.9-29.9-16.1l-80 24c-12.7 3.8-19.9 17.2-16.1 29.9 3.1 10.4 12.7 17.1 23 17.1 0 17.7 14.3 32 32 32s32-14.3 32-32c0-6.2-2.2-11.7-5.3-16.6l28.2-8.5c12.7-3.7 19.9-17.1 16.1-29.8z"
                      fill="currentColor"
                      style={Object {}}
                    />
                  </svg>
                </FontAwesomeIcon>
              </span>
            </div>
          </RecommendationControl>
          <RecommendationControl
            action={[Function]}
            cssClass="dislike "
            icon={
              Object {
                "icon": Array [
                  496,
                  512,
                  Array [],
                  "f119",
                  "M248 8C111 8 0 119 0 256s111 248 248 248 248-111 248-248S385 8 248 8zm0 448c-110.3 0-200-89.7-200-200S137.7 56 248 56s200 89.7 200 200-89.7 200-200 200zm-80-216c17.7 0 32-14.3 32-32s-14.3-32-32-32-32 14.3-32 32 14.3 32 32 32zm160-64c-17.7 0-32 14.3-32 32s14.3 32 32 32 32-14.3 32-32-14.3-32-32-32zm-80 128c-40.2 0-78 17.7-103.8 48.6-8.5 10.2-7.1 25.3 3.1 33.8 10.2 8.4 25.3 7.1 33.8-3.1 16.6-19.9 41-31.4 66.9-31.4s50.3 11.4 66.9 31.4c8.1 9.7 23.1 11.9 33.8 3.1 10.2-8.5 11.5-23.6 3.1-33.8C326 321.7 288.2 304 248 304z",
                ],
                "iconName": "frown",
                "prefix": "far",
              }
            }
            iconHover={
              Object {
                "icon": Array [
                  496,
                  512,
                  Array [],
                  "f119",
                  "M248 8C111 8 0 119 0 256s111 248 248 248 248-111 248-248S385 8 248 8zm80 168c17.7 0 32 14.3 32 32s-14.3 32-32 32-32-14.3-32-32 14.3-32 32-32zm-160 0c17.7 0 32 14.3 32 32s-14.3 32-32 32-32-14.3-32-32 14.3-32 32-32zm170.2 218.2C315.8 367.4 282.9 352 248 352s-67.8 15.4-90.2 42.2c-13.5 16.3-38.1-4.2-24.6-20.5C161.7 339.6 203.6 320 248 320s86.3 19.6 114.7 53.8c13.6 16.2-11 36.7-24.5 20.4z",
                ],
                "iconName": "frown",
                "prefix": "fas",
              }
            }
            title="I don't like this!"
          >
            <div
              className="recommendation-icon dislike "
              onClick={[Function]}
              onKeyPress={[Function]}
              role="button"
              tabIndex={0}
              title="I don't like this!"
            >
              <span
                className="on"
              >
                <FontAwesomeIcon
                  border={false}
                  className=""
                  fixedWidth={false}
                  flip={null}
                  icon={
                    Object {
                      "icon": Array [
                        496,
                        512,
                        Array [],
                        "f119",
                        "M248 8C111 8 0 119 0 256s111 248 248 248 248-111 248-248S385 8 248 8zm80 168c17.7 0 32 14.3 32 32s-14.3 32-32 32-32-14.3-32-32 14.3-32 32-32zm-160 0c17.7 0 32 14.3 32 32s-14.3 32-32 32-32-14.3-32-32 14.3-32 32-32zm170.2 218.2C315.8 367.4 282.9 352 248 352s-67.8 15.4-90.2 42.2c-13.5 16.3-38.1-4.2-24.6-20.5C161.7 339.6 203.6 320 248 320s86.3 19.6 114.7 53.8c13.6 16.2-11 36.7-24.5 20.4z",
                      ],
                      "iconName": "frown",
                      "prefix": "fas",
                    }
                  }
                  inverse={false}
                  listItem={false}
                  mask={null}
                  pull={null}
                  pulse={false}
                  rotation={null}
                  size={null}
                  spin={false}
                  swapOpacity={false}
                  symbol={false}
                  title=""
                  transform={null}
                >
                  <svg
                    aria-hidden="true"
                    className="svg-inline--fa fa-frown fa-w-16 "
                    data-icon="frown"
                    data-prefix="fas"
                    focusable="false"
                    role="img"
                    style={Object {}}
                    viewBox="0 0 496 512"
                    xmlns="http://www.w3.org/2000/svg"
                  >
                    <path
                      d="M248 8C111 8 0 119 0 256s111 248 248 248 248-111 248-248S385 8 248 8zm80 168c17.7 0 32 14.3 32 32s-14.3 32-32 32-32-14.3-32-32 14.3-32 32-32zm-160 0c17.7 0 32 14.3 32 32s-14.3 32-32 32-32-14.3-32-32 14.3-32 32-32zm170.2 218.2C315.8 367.4 282.9 352 248 352s-67.8 15.4-90.2 42.2c-13.5 16.3-38.1-4.2-24.6-20.5C161.7 339.6 203.6 320 248 320s86.3 19.6 114.7 53.8c13.6 16.2-11 36.7-24.5 20.4z"
                      fill="currentColor"
                      style={Object {}}
                    />
                  </svg>
                </FontAwesomeIcon>
              </span>
              <span
                className="off"
              >
                <FontAwesomeIcon
                  border={false}
                  className=""
                  fixedWidth={false}
                  flip={null}
                  icon={
                    Object {
                      "icon": Array [
                        496,
                        512,
                        Array [],
                        "f119",
                        "M248 8C111 8 0 119 0 256s111 248 248 248 248-111 248-248S385 8 248 8zm0 448c-110.3 0-200-89.7-200-200S137.7 56 248 56s200 89.7 200 200-89.7 200-200 200zm-80-216c17.7 0 32-14.3 32-32s-14.3-32-32-32-32 14.3-32 32 14.3 32 32 32zm160-64c-17.7 0-32 14.3-32 32s14.3 32 32 32 32-14.3 32-32-14.3-32-32-32zm-80 128c-40.2 0-78 17.7-103.8 48.6-8.5 10.2-7.1 25.3 3.1 33.8 10.2 8.4 25.3 7.1 33.8-3.1 16.6-19.9 41-31.4 66.9-31.4s50.3 11.4 66.9 31.4c8.1 9.7 23.1 11.9 33.8 3.1 10.2-8.5 11.5-23.6 3.1-33.8C326 321.7 288.2 304 248 304z",
                      ],
                      "iconName": "frown",
                      "prefix": "far",
                    }
                  }
                  inverse={false}
                  listItem={false}
                  mask={null}
                  pull={null}
                  pulse={false}
                  rotation={null}
                  size={null}
                  spin={false}
                  swapOpacity={false}
                  symbol={false}
                  title=""
                  transform={null}
                >
                  <svg
                    aria-hidden="true"
                    className="svg-inline--fa fa-frown fa-w-16 "
                    data-icon="frown"
                    data-prefix="far"
                    focusable="false"
                    role="img"
                    style={Object {}}
                    viewBox="0 0 496 512"
                    xmlns="http://www.w3.org/2000/svg"
                  >
                    <path
                      d="M248 8C111 8 0 119 0 256s111 248 248 248 248-111 248-248S385 8 248 8zm0 448c-110.3 0-200-89.7-200-200S137.7 56 248 56s200 89.7 200 200-89.7 200-200 200zm-80-216c17.7 0 32-14.3 32-32s-14.3-32-32-32-32 14.3-32 32 14.3 32 32 32zm160-64c-17.7 0-32 14.3-32 32s14.3 32 32 32 32-14.3 32-32-14.3-32-32-32zm-80 128c-40.2 0-78 17.7-103.8 48.6-8.5 10.2-7.1 25.3 3.1 33.8 10.2 8.4 25.3 7.1 33.8-3.1 16.6-19.9 41-31.4 66.9-31.4s50.3 11.4 66.9 31.4c8.1 9.7 23.1 11.9 33.8 3.1 10.2-8.5 11.5-23.6 3.1-33.8C326 321.7 288.2 304 248 304z"
                      fill="currentColor"
                      style={Object {}}
                    />
                  </svg>
                </FontAwesomeIcon>
              </span>
            </div>
          </RecommendationControl>
          <RecommendationControl
            action={[Function]}
            cssClass="like "
            icon={
              Object {
                "icon": Array [
                  496,
                  512,
                  Array [],
                  "f5b8",
                  "M248 8C111 8 0 119 0 256s111 248 248 248 248-111 248-248S385 8 248 8zm0 448c-110.3 0-200-89.7-200-200S137.7 56 248 56s200 89.7 200 200-89.7 200-200 200zm84-143.4c-20.8 25-51.5 39.4-84 39.4s-63.2-14.3-84-39.4c-8.5-10.2-23.6-11.5-33.8-3.1-10.2 8.5-11.5 23.6-3.1 33.8 30 36 74.1 56.6 120.9 56.6s90.9-20.6 120.9-56.6c8.5-10.2 7.1-25.3-3.1-33.8-10.2-8.4-25.3-7.1-33.8 3.1zM136.5 211c7.7-13.7 19.2-21.6 31.5-21.6s23.8 7.9 31.5 21.6l9.5 17c2.1 3.7 6.2 4.7 9.3 3.7 3.6-1.1 6-4.5 5.7-8.3-3.3-42.1-32.2-71.4-56-71.4s-52.7 29.3-56 71.4c-.3 3.7 2.1 7.2 5.7 8.3 3.4 1.1 7.4-.5 9.3-3.7l9.5-17zM328 152c-23.8 0-52.7 29.3-56 71.4-.3 3.7 2.1 7.2 5.7 8.3 3.5 1.1 7.4-.5 9.3-3.7l9.5-17c7.7-13.7 19.2-21.6 31.5-21.6s23.8 7.9 31.5 21.6l9.5 17c2.1 3.7 6.2 4.7 9.3 3.7 3.6-1.1 6-4.5 5.7-8.3-3.3-42.1-32.2-71.4-56-71.4z",
                ],
                "iconName": "smile-beam",
                "prefix": "far",
              }
            }
            iconHover={
              Object {
                "icon": Array [
                  496,
                  512,
                  Array [],
                  "f5b8",
                  "M248 8C111 8 0 119 0 256s111 248 248 248 248-111 248-248S385 8 248 8zM112 223.4c3.3-42.1 32.2-71.4 56-71.4s52.7 29.3 56 71.4c.7 8.6-10.8 11.9-14.9 4.5l-9.5-17c-7.7-13.7-19.2-21.6-31.5-21.6s-23.8 7.9-31.5 21.6l-9.5 17c-4.3 7.4-15.8 4-15.1-4.5zm250.8 122.8C334.3 380.4 292.5 400 248 400s-86.3-19.6-114.8-53.8c-13.5-16.3 11-36.7 24.6-20.5 22.4 26.9 55.2 42.2 90.2 42.2s67.8-15.4 90.2-42.2c13.6-16.2 38.1 4.3 24.6 20.5zm6.2-118.3l-9.5-17c-7.7-13.7-19.2-21.6-31.5-21.6s-23.8 7.9-31.5 21.6l-9.5 17c-4.1 7.3-15.6 4-14.9-4.5 3.3-42.1 32.2-71.4 56-71.4s52.7 29.3 56 71.4c.6 8.6-11 11.9-15.1 4.5z",
                ],
                "iconName": "smile-beam",
                "prefix": "fas",
              }
            }
            title="I like this!"
          >
            <div
              className="recommendation-icon like "
              onClick={[Function]}
              onKeyPress={[Function]}
              role="button"
              tabIndex={0}
              title="I like this!"
            >
              <span
                className="on"
              >
                <FontAwesomeIcon
                  border={false}
                  className=""
                  fixedWidth={false}
                  flip={null}
                  icon={
                    Object {
                      "icon": Array [
                        496,
                        512,
                        Array [],
                        "f5b8",
                        "M248 8C111 8 0 119 0 256s111 248 248 248 248-111 248-248S385 8 248 8zM112 223.4c3.3-42.1 32.2-71.4 56-71.4s52.7 29.3 56 71.4c.7 8.6-10.8 11.9-14.9 4.5l-9.5-17c-7.7-13.7-19.2-21.6-31.5-21.6s-23.8 7.9-31.5 21.6l-9.5 17c-4.3 7.4-15.8 4-15.1-4.5zm250.8 122.8C334.3 380.4 292.5 400 248 400s-86.3-19.6-114.8-53.8c-13.5-16.3 11-36.7 24.6-20.5 22.4 26.9 55.2 42.2 90.2 42.2s67.8-15.4 90.2-42.2c13.6-16.2 38.1 4.3 24.6 20.5zm6.2-118.3l-9.5-17c-7.7-13.7-19.2-21.6-31.5-21.6s-23.8 7.9-31.5 21.6l-9.5 17c-4.1 7.3-15.6 4-14.9-4.5 3.3-42.1 32.2-71.4 56-71.4s52.7 29.3 56 71.4c.6 8.6-11 11.9-15.1 4.5z",
                      ],
                      "iconName": "smile-beam",
                      "prefix": "fas",
                    }
                  }
                  inverse={false}
                  listItem={false}
                  mask={null}
                  pull={null}
                  pulse={false}
                  rotation={null}
                  size={null}
                  spin={false}
                  swapOpacity={false}
                  symbol={false}
                  title=""
                  transform={null}
                >
                  <svg
                    aria-hidden="true"
                    className="svg-inline--fa fa-smile-beam fa-w-16 "
                    data-icon="smile-beam"
                    data-prefix="fas"
                    focusable="false"
                    role="img"
                    style={Object {}}
                    viewBox="0 0 496 512"
                    xmlns="http://www.w3.org/2000/svg"
                  >
                    <path
                      d="M248 8C111 8 0 119 0 256s111 248 248 248 248-111 248-248S385 8 248 8zM112 223.4c3.3-42.1 32.2-71.4 56-71.4s52.7 29.3 56 71.4c.7 8.6-10.8 11.9-14.9 4.5l-9.5-17c-7.7-13.7-19.2-21.6-31.5-21.6s-23.8 7.9-31.5 21.6l-9.5 17c-4.3 7.4-15.8 4-15.1-4.5zm250.8 122.8C334.3 380.4 292.5 400 248 400s-86.3-19.6-114.8-53.8c-13.5-16.3 11-36.7 24.6-20.5 22.4 26.9 55.2 42.2 90.2 42.2s67.8-15.4 90.2-42.2c13.6-16.2 38.1 4.3 24.6 20.5zm6.2-118.3l-9.5-17c-7.7-13.7-19.2-21.6-31.5-21.6s-23.8 7.9-31.5 21.6l-9.5 17c-4.1 7.3-15.6 4-14.9-4.5 3.3-42.1 32.2-71.4 56-71.4s52.7 29.3 56 71.4c.6 8.6-11 11.9-15.1 4.5z"
                      fill="currentColor"
                      style={Object {}}
                    />
                  </svg>
                </FontAwesomeIcon>
              </span>
              <span
                className="off"
              >
                <FontAwesomeIcon
                  border={false}
                  className=""
                  fixedWidth={false}
                  flip={null}
                  icon={
                    Object {
                      "icon": Array [
                        496,
                        512,
                        Array [],
                        "f5b8",
                        "M248 8C111 8 0 119 0 256s111 248 248 248 248-111 248-248S385 8 248 8zm0 448c-110.3 0-200-89.7-200-200S137.7 56 248 56s200 89.7 200 200-89.7 200-200 200zm84-143.4c-20.8 25-51.5 39.4-84 39.4s-63.2-14.3-84-39.4c-8.5-10.2-23.6-11.5-33.8-3.1-10.2 8.5-11.5 23.6-3.1 33.8 30 36 74.1 56.6 120.9 56.6s90.9-20.6 120.9-56.6c8.5-10.2 7.1-25.3-3.1-33.8-10.2-8.4-25.3-7.1-33.8 3.1zM136.5 211c7.7-13.7 19.2-21.6 31.5-21.6s23.8 7.9 31.5 21.6l9.5 17c2.1 3.7 6.2 4.7 9.3 3.7 3.6-1.1 6-4.5 5.7-8.3-3.3-42.1-32.2-71.4-56-71.4s-52.7 29.3-56 71.4c-.3 3.7 2.1 7.2 5.7 8.3 3.4 1.1 7.4-.5 9.3-3.7l9.5-17zM328 152c-23.8 0-52.7 29.3-56 71.4-.3 3.7 2.1 7.2 5.7 8.3 3.5 1.1 7.4-.5 9.3-3.7l9.5-17c7.7-13.7 19.2-21.6 31.5-21.6s23.8 7.9 31.5 21.6l9.5 17c2.1 3.7 6.2 4.7 9.3 3.7 3.6-1.1 6-4.5 5.7-8.3-3.3-42.1-32.2-71.4-56-71.4z",
                      ],
                      "iconName": "smile-beam",
                      "prefix": "far",
                    }
                  }
                  inverse={false}
                  listItem={false}
                  mask={null}
                  pull={null}
                  pulse={false}
                  rotation={null}
                  size={null}
                  spin={false}
                  swapOpacity={false}
                  symbol={false}
                  title=""
                  transform={null}
                >
                  <svg
                    aria-hidden="true"
                    className="svg-inline--fa fa-smile-beam fa-w-16 "
                    data-icon="smile-beam"
                    data-prefix="far"
                    focusable="false"
                    role="img"
                    style={Object {}}
                    viewBox="0 0 496 512"
                    xmlns="http://www.w3.org/2000/svg"
                  >
                    <path
                      d="M248 8C111 8 0 119 0 256s111 248 248 248 248-111 248-248S385 8 248 8zm0 448c-110.3 0-200-89.7-200-200S137.7 56 248 56s200 89.7 200 200-89.7 200-200 200zm84-143.4c-20.8 25-51.5 39.4-84 39.4s-63.2-14.3-84-39.4c-8.5-10.2-23.6-11.5-33.8-3.1-10.2 8.5-11.5 23.6-3.1 33.8 30 36 74.1 56.6 120.9 56.6s90.9-20.6 120.9-56.6c8.5-10.2 7.1-25.3-3.1-33.8-10.2-8.4-25.3-7.1-33.8 3.1zM136.5 211c7.7-13.7 19.2-21.6 31.5-21.6s23.8 7.9 31.5 21.6l9.5 17c2.1 3.7 6.2 4.7 9.3 3.7 3.6-1.1 6-4.5 5.7-8.3-3.3-42.1-32.2-71.4-56-71.4s-52.7 29.3-56 71.4c-.3 3.7 2.1 7.2 5.7 8.3 3.4 1.1 7.4-.5 9.3-3.7l9.5-17zM328 152c-23.8 0-52.7 29.3-56 71.4-.3 3.7 2.1 7.2 5.7 8.3 3.5 1.1 7.4-.5 9.3-3.7l9.5-17c7.7-13.7 19.2-21.6 31.5-21.6s23.8 7.9 31.5 21.6l9.5 17c2.1 3.7 6.2 4.7 9.3 3.7 3.6-1.1 6-4.5 5.7-8.3-3.3-42.1-32.2-71.4-56-71.4z"
                      fill="currentColor"
                      style={Object {}}
                    />
                  </svg>
                </FontAwesomeIcon>
              </span>
            </div>
          </RecommendationControl>
          <RecommendationControl
            action={[Function]}
            cssClass="love selected"
            icon={
              Object {
                "icon": Array [
                  496,
                  512,
                  Array [],
                  "f587",
                  "M248 8C111 8 0 119 0 256s111 248 248 248 248-111 248-248S385 8 248 8zm0 448c-110.3 0-200-89.7-200-200S137.7 56 248 56s200 89.7 200 200-89.7 200-200 200zm105.6-151.4c-25.9 8.3-64.4 13.1-105.6 13.1s-79.6-4.8-105.6-13.1c-9.8-3.1-19.4 5.3-17.7 15.3 7.9 47.2 71.3 80 123.3 80s115.3-32.9 123.3-80c1.6-9.8-7.7-18.4-17.7-15.3zm-227.9-57.5c-1 6.2 5.4 11 11 7.9l31.3-16.3 31.3 16.3c5.6 3.1 12-1.7 11-7.9l-6-34.9 25.4-24.6c4.5-4.5 1.9-12.2-4.3-13.2l-34.9-5-15.5-31.6c-2.9-5.8-11-5.8-13.9 0l-15.5 31.6-34.9 5c-6.2.9-8.9 8.6-4.3 13.2l25.4 24.6-6.1 34.9zm259.7-72.7l-34.9-5-15.5-31.6c-2.9-5.8-11-5.8-13.9 0l-15.5 31.6-34.9 5c-6.2.9-8.9 8.6-4.3 13.2l25.4 24.6-6 34.9c-1 6.2 5.4 11 11 7.9l31.3-16.3 31.3 16.3c5.6 3.1 12-1.7 11-7.9l-6-34.9 25.4-24.6c4.5-4.6 1.8-12.2-4.4-13.2z",
                ],
                "iconName": "grin-stars",
                "prefix": "far",
              }
            }
            iconHover={
              Object {
                "icon": Array [
                  496,
                  512,
                  Array [],
                  "f587",
                  "M248 8C111 8 0 119 0 256s111 248 248 248 248-111 248-248S385 8 248 8zM94.6 168.9l34.9-5 15.5-31.6c2.9-5.8 11-5.8 13.9 0l15.5 31.6 34.9 5c6.2 1 8.9 8.6 4.3 13.2l-25.4 24.6 6 34.9c1 6.2-5.3 11-11 7.9L152 233.3l-31.3 16.3c-5.7 3.1-12-1.7-11-7.9l6-34.9-25.4-24.6c-4.6-4.7-1.9-12.3 4.3-13.3zM248 432c-60.6 0-134.5-38.3-143.8-93.3-2-11.8 9.3-21.5 20.7-17.9C155.1 330.5 200 336 248 336s92.9-5.5 123.1-15.2c11.5-3.7 22.6 6.1 20.7 17.9-9.3 55-83.2 93.3-143.8 93.3zm157.7-249.9l-25.4 24.6 6 34.9c1 6.2-5.3 11-11 7.9L344 233.3l-31.3 16.3c-5.7 3.1-12-1.7-11-7.9l6-34.9-25.4-24.6c-4.5-4.6-1.9-12.2 4.3-13.2l34.9-5 15.5-31.6c2.9-5.8 11-5.8 13.9 0l15.5 31.6 34.9 5c6.3.9 9 8.5 4.4 13.1z",
                ],
                "iconName": "grin-stars",
                "prefix": "fas",
              }
            }
            title="I really love this!"
          >
            <div
              className="recommendation-icon love selected"
              onClick={[Function]}
              onKeyPress={[Function]}
              role="button"
              tabIndex={0}
              title="I really love this!"
            >
              <span
                className="on"
              >
                <FontAwesomeIcon
                  border={false}
                  className=""
                  fixedWidth={false}
                  flip={null}
                  icon={
                    Object {
                      "icon": Array [
                        496,
                        512,
                        Array [],
                        "f587",
                        "M248 8C111 8 0 119 0 256s111 248 248 248 248-111 248-248S385 8 248 8zM94.6 168.9l34.9-5 15.5-31.6c2.9-5.8 11-5.8 13.9 0l15.5 31.6 34.9 5c6.2 1 8.9 8.6 4.3 13.2l-25.4 24.6 6 34.9c1 6.2-5.3 11-11 7.9L152 233.3l-31.3 16.3c-5.7 3.1-12-1.7-11-7.9l6-34.9-25.4-24.6c-4.6-4.7-1.9-12.3 4.3-13.3zM248 432c-60.6 0-134.5-38.3-143.8-93.3-2-11.8 9.3-21.5 20.7-17.9C155.1 330.5 200 336 248 336s92.9-5.5 123.1-15.2c11.5-3.7 22.6 6.1 20.7 17.9-9.3 55-83.2 93.3-143.8 93.3zm157.7-249.9l-25.4 24.6 6 34.9c1 6.2-5.3 11-11 7.9L344 233.3l-31.3 16.3c-5.7 3.1-12-1.7-11-7.9l6-34.9-25.4-24.6c-4.5-4.6-1.9-12.2 4.3-13.2l34.9-5 15.5-31.6c2.9-5.8 11-5.8 13.9 0l15.5 31.6 34.9 5c6.3.9 9 8.5 4.4 13.1z",
                      ],
                      "iconName": "grin-stars",
                      "prefix": "fas",
                    }
                  }
                  inverse={false}
                  listItem={false}
                  mask={null}
                  pull={null}
                  pulse={false}
                  rotation={null}
                  size={null}
                  spin={false}
                  swapOpacity={false}
                  symbol={false}
                  title=""
                  transform={null}
                >
                  <svg
                    aria-hidden="true"
                    className="svg-inline--fa fa-grin-stars fa-w-16 "
                    data-icon="grin-stars"
                    data-prefix="fas"
                    focusable="false"
                    role="img"
                    style={Object {}}
                    viewBox="0 0 496 512"
                    xmlns="http://www.w3.org/2000/svg"
                  >
                    <path
                      d="M248 8C111 8 0 119 0 256s111 248 248 248 248-111 248-248S385 8 248 8zM94.6 168.9l34.9-5 15.5-31.6c2.9-5.8 11-5.8 13.9 0l15.5 31.6 34.9 5c6.2 1 8.9 8.6 4.3 13.2l-25.4 24.6 6 34.9c1 6.2-5.3 11-11 7.9L152 233.3l-31.3 16.3c-5.7 3.1-12-1.7-11-7.9l6-34.9-25.4-24.6c-4.6-4.7-1.9-12.3 4.3-13.3zM248 432c-60.6 0-134.5-38.3-143.8-93.3-2-11.8 9.3-21.5 20.7-17.9C155.1 330.5 200 336 248 336s92.9-5.5 123.1-15.2c11.5-3.7 22.6 6.1 20.7 17.9-9.3 55-83.2 93.3-143.8 93.3zm157.7-249.9l-25.4 24.6 6 34.9c1 6.2-5.3 11-11 7.9L344 233.3l-31.3 16.3c-5.7 3.1-12-1.7-11-7.9l6-34.9-25.4-24.6c-4.5-4.6-1.9-12.2 4.3-13.2l34.9-5 15.5-31.6c2.9-5.8 11-5.8 13.9 0l15.5 31.6 34.9 5c6.3.9 9 8.5 4.4 13.1z"
                      fill="currentColor"
                      style={Object {}}
                    />
                  </svg>
                </FontAwesomeIcon>
              </span>
              <span
                className="off"
              >
                <FontAwesomeIcon
                  border={false}
                  className=""
                  fixedWidth={false}
                  flip={null}
                  icon={
                    Object {
                      "icon": Array [
                        496,
                        512,
                        Array [],
                        "f587",
                        "M248 8C111 8 0 119 0 256s111 248 248 248 248-111 248-248S385 8 248 8zm0 448c-110.3 0-200-89.7-200-200S137.7 56 248 56s200 89.7 200 200-89.7 200-200 200zm105.6-151.4c-25.9 8.3-64.4 13.1-105.6 13.1s-79.6-4.8-105.6-13.1c-9.8-3.1-19.4 5.3-17.7 15.3 7.9 47.2 71.3 80 123.3 80s115.3-32.9 123.3-80c1.6-9.8-7.7-18.4-17.7-15.3zm-227.9-57.5c-1 6.2 5.4 11 11 7.9l31.3-16.3 31.3 16.3c5.6 3.1 12-1.7 11-7.9l-6-34.9 25.4-24.6c4.5-4.5 1.9-12.2-4.3-13.2l-34.9-5-15.5-31.6c-2.9-5.8-11-5.8-13.9 0l-15.5 31.6-34.9 5c-6.2.9-8.9 8.6-4.3 13.2l25.4 24.6-6.1 34.9zm259.7-72.7l-34.9-5-15.5-31.6c-2.9-5.8-11-5.8-13.9 0l-15.5 31.6-34.9 5c-6.2.9-8.9 8.6-4.3 13.2l25.4 24.6-6 34.9c-1 6.2 5.4 11 11 7.9l31.3-16.3 31.3 16.3c5.6 3.1 12-1.7 11-7.9l-6-34.9 25.4-24.6c4.5-4.6 1.8-12.2-4.4-13.2z",
                      ],
                      "iconName": "grin-stars",
                      "prefix": "far",
                    }
                  }
                  inverse={false}
                  listItem={false}
                  mask={null}
                  pull={null}
                  pulse={false}
                  rotation={null}
                  size={null}
                  spin={false}
                  swapOpacity={false}
                  symbol={false}
                  title=""
                  transform={null}
                >
                  <svg
                    aria-hidden="true"
                    className="svg-inline--fa fa-grin-stars fa-w-16 "
                    data-icon="grin-stars"
                    data-prefix="far"
                    focusable="false"
                    role="img"
                    style={Object {}}
                    viewBox="0 0 496 512"
                    xmlns="http://www.w3.org/2000/svg"
                  >
                    <path
                      d="M248 8C111 8 0 119 0 256s111 248 248 248 248-111 248-248S385 8 248 8zm0 448c-110.3 0-200-89.7-200-200S137.7 56 248 56s200 89.7 200 200-89.7 200-200 200zm105.6-151.4c-25.9 8.3-64.4 13.1-105.6 13.1s-79.6-4.8-105.6-13.1c-9.8-3.1-19.4 5.3-17.7 15.3 7.9 47.2 71.3 80 123.3 80s115.3-32.9 123.3-80c1.6-9.8-7.7-18.4-17.7-15.3zm-227.9-57.5c-1 6.2 5.4 11 11 7.9l31.3-16.3 31.3 16.3c5.6 3.1 12-1.7 11-7.9l-6-34.9 25.4-24.6c4.5-4.5 1.9-12.2-4.3-13.2l-34.9-5-15.5-31.6c-2.9-5.8-11-5.8-13.9 0l-15.5 31.6-34.9 5c-6.2.9-8.9 8.6-4.3 13.2l25.4 24.6-6.1 34.9zm259.7-72.7l-34.9-5-15.5-31.6c-2.9-5.8-11-5.8-13.9 0l-15.5 31.6-34.9 5c-6.2.9-8.9 8.6-4.3 13.2l25.4 24.6-6 34.9c-1 6.2 5.4 11 11 7.9l31.3-16.3 31.3 16.3c5.6 3.1 12-1.7 11-7.9l-6-34.9 25.4-24.6c4.5-4.6 1.8-12.2-4.4-13.2z"
                      fill="currentColor"
                      style={Object {}}
                    />
                  </svg>
                </FontAwesomeIcon>
              </span>
            </div>
          </RecommendationControl>
        </ul>
      </div>
    </div>
  </ForwardRef>
</RecommendationCard>
`;
