// Jest Snapshot v1, https://goo.gl/fbAQLP

exports[`RecommendationControl renders correctly 1`] = `
<RecommendationControl
  action={[Function]}
  cssClass="bad_recommendation"
  icon={
    Object {
      "icon": Array [
        512,
        512,
        Array [
          128528,
          "meh",
        ],
        "f11a",
        "M464 256A208 208 0 1 1 48 256a208 208 0 1 1 416 0zM256 0a256 256 0 1 0 0 512A256 256 0 1 0 256 0zM176.4 240a32 32 0 1 0 0-64 32 32 0 1 0 0 64zm192-32a32 32 0 1 0 -64 0 32 32 0 1 0 64 0zM184 328c-13.3 0-24 10.7-24 24s10.7 24 24 24H328c13.3 0 24-10.7 24-24s-10.7-24-24-24H184z",
      ],
      "iconName": "face-meh",
      "prefix": "far",
    }
  }
  iconHover={
    Object {
      "icon": Array [
        512,
        512,
        Array [
          128528,
          "meh",
        ],
        "f11a",
        "M256 512A256 256 0 1 0 256 0a256 256 0 1 0 0 512zM176.4 176a32 32 0 1 1 0 64 32 32 0 1 1 0-64zm128 32a32 32 0 1 1 64 0 32 32 0 1 1 -64 0zM160 336H352c8.8 0 16 7.2 16 16s-7.2 16-16 16H160c-8.8 0-16-7.2-16-16s7.2-16 16-16z",
      ],
      "iconName": "face-meh",
      "prefix": "fas",
    }
  }
  title="This is a bad recommendation"
>
  <div
    className="recommendation-icon bad_recommendation"
    onClick={[Function]}
    onKeyPress={[Function]}
    role="button"
    tabIndex={0}
    title="This is a bad recommendation"
  >
    <span
      className="on"
    >
      <FontAwesomeIcon
        beat={false}
        beatFade={false}
        border={false}
        bounce={false}
        className=""
        fade={false}
        fixedWidth={false}
        flip={false}
        icon={
          Object {
            "icon": Array [
              512,
              512,
              Array [
                128528,
                "meh",
              ],
              "f11a",
              "M256 512A256 256 0 1 0 256 0a256 256 0 1 0 0 512zM176.4 176a32 32 0 1 1 0 64 32 32 0 1 1 0-64zm128 32a32 32 0 1 1 64 0 32 32 0 1 1 -64 0zM160 336H352c8.8 0 16 7.2 16 16s-7.2 16-16 16H160c-8.8 0-16-7.2-16-16s7.2-16 16-16z",
            ],
            "iconName": "face-meh",
            "prefix": "fas",
          }
        }
        inverse={false}
        listItem={false}
        mask={null}
        maskId={null}
        pull={null}
        pulse={false}
        rotation={null}
        shake={false}
        size={null}
        spin={false}
        spinPulse={false}
        spinReverse={false}
        swapOpacity={false}
        symbol={false}
        title=""
        titleId={null}
        transform={null}
      >
        <svg
          aria-hidden="true"
          className="svg-inline--fa fa-face-meh "
          data-icon="face-meh"
          data-prefix="fas"
          focusable="false"
          role="img"
          style={Object {}}
          viewBox="0 0 512 512"
          xmlns="http://www.w3.org/2000/svg"
        >
          <path
            d="M256 512A256 256 0 1 0 256 0a256 256 0 1 0 0 512zM176.4 176a32 32 0 1 1 0 64 32 32 0 1 1 0-64zm128 32a32 32 0 1 1 64 0 32 32 0 1 1 -64 0zM160 336H352c8.8 0 16 7.2 16 16s-7.2 16-16 16H160c-8.8 0-16-7.2-16-16s7.2-16 16-16z"
            fill="currentColor"
            style={Object {}}
          />
        </svg>
      </FontAwesomeIcon>
    </span>
    <span
      className="off"
    >
      <FontAwesomeIcon
        beat={false}
        beatFade={false}
        border={false}
        bounce={false}
        className=""
        fade={false}
        fixedWidth={false}
        flip={false}
        icon={
          Object {
            "icon": Array [
              512,
              512,
              Array [
                128528,
                "meh",
              ],
              "f11a",
              "M464 256A208 208 0 1 1 48 256a208 208 0 1 1 416 0zM256 0a256 256 0 1 0 0 512A256 256 0 1 0 256 0zM176.4 240a32 32 0 1 0 0-64 32 32 0 1 0 0 64zm192-32a32 32 0 1 0 -64 0 32 32 0 1 0 64 0zM184 328c-13.3 0-24 10.7-24 24s10.7 24 24 24H328c13.3 0 24-10.7 24-24s-10.7-24-24-24H184z",
            ],
            "iconName": "face-meh",
            "prefix": "far",
          }
        }
        inverse={false}
        listItem={false}
        mask={null}
        maskId={null}
        pull={null}
        pulse={false}
        rotation={null}
        shake={false}
        size={null}
        spin={false}
        spinPulse={false}
        spinReverse={false}
        swapOpacity={false}
        symbol={false}
        title=""
        titleId={null}
        transform={null}
      >
        <svg
          aria-hidden="true"
          className="svg-inline--fa fa-face-meh "
          data-icon="face-meh"
          data-prefix="far"
          focusable="false"
          role="img"
          style={Object {}}
          viewBox="0 0 512 512"
          xmlns="http://www.w3.org/2000/svg"
        >
          <path
            d="M464 256A208 208 0 1 1 48 256a208 208 0 1 1 416 0zM256 0a256 256 0 1 0 0 512A256 256 0 1 0 256 0zM176.4 240a32 32 0 1 0 0-64 32 32 0 1 0 0 64zm192-32a32 32 0 1 0 -64 0 32 32 0 1 0 64 0zM184 328c-13.3 0-24 10.7-24 24s10.7 24 24 24H328c13.3 0 24-10.7 24-24s-10.7-24-24-24H184z"
            fill="currentColor"
            style={Object {}}
          />
        </svg>
      </FontAwesomeIcon>
    </span>
  </div>
</RecommendationControl>
`;
