// Jest Snapshot v1, https://goo.gl/fbAQLP

exports[`User settings submitTimezonePage renders correctly 1`] = `"<h3>Select Timezone</h3><p>Your current timezone setting is <span style=\\"font-weight: bold;\\">America/New_York.</span><br>By choosing your local time zone, you will have a local timestamps part of your submitted listens. This also informs as when to generate daily playlists and other recommendations for you.</p><div><form><label>Select your local timezone:<select><option value=\\"default\\" disabled=\\"\\">Choose an option</option><option value=\\"Africa/Adnodjan\\">Africa/Adnodjan (+3:00:00 GMT)</option><option value=\\"America/Adak\\">America/Adak (-9:00:00 GMT)</option></select></label><br><br><p><button type=\\"submit\\" class=\\"btn btn-info btn-lg\\">Save Timezone</button></p></form></div>"`;
